Shape : 9, FORWARD

Dump of 9 TShapes

-----------------

Flags : Free, Modified, Checked, Orientable, Closed, Infinite, Convex

TShape # 1 : WIRE      1101100 0x20008a38
    +7 +5 +3 +2 

TShape # 2 : EDGE      0101000 0x20008880
    +4 -9 
    Tolerance : 1e-07
     same parametrisation of curves
     same range on curves
    - Curve 3D : 4, range : 0 10.1945
    - Polygon 3D : 4
TShape # 3 : EDGE      0101000 0x200086c8
    +6 -4 
    Tolerance : 1e-07
     same parametrisation of curves
     same range on curves
    - Curve 3D : 3, range : 0 4.8043
    - Polygon 3D : 3
TShape # 4 : VERTEX    0101101 0x20008620
    
    Tolerance : 1e-07
    - Point 3D : -13.141, 7.3066, 0.236858

TShape # 5 : EDGE      0101000 0x20008468
    +8 -6 
    Tolerance : 1e-07
     same parametrisation of curves
     same range on curves
    - Curve 3D : 2, range : 0 10.1945
    - Polygon 3D : 2
TShape # 6 : VERTEX    0101101 0x200083c0
    
    Tolerance : 1e-07
    - Point 3D : -13.141, 12.1109, 0.236858

TShape # 7 : EDGE      0101000 0x20008080
    +9 -8 
    Tolerance : 1e-07
     same parametrisation of curves
     same range on curves
    - Curve 3D : 1, range : 0 4.8043
    - Polygon 3D : 1
TShape # 8 : VERTEX    0101101 0x20007fd8
    
    Tolerance : 1e-07
    - Point 3D : -23.3354, 12.1109, 0.236858

TShape # 9 : VERTEX    0101101 0x20007e18
    
    Tolerance : 1e-07
    - Point 3D : -23.3354, 7.3066, 0.236858


 -------
Dump of 0 Curve2ds 
 -------


 -------
Dump of 4 Curves 
 -------

   1 : Line
  Origin :-23.3354, 7.3066, 0.236858 
  Axis   :0, 1, 0 

   2 : Line
  Origin :-23.3354, 12.1109, 0.236858 
  Axis   :1, 0, 0 

   3 : Line
  Origin :-13.141, 12.1109, 0.236858 
  Axis   :0, -1, 0 

   4 : Line
  Origin :-13.141, 7.3066, 0.236858 
  Axis   :-1, -8.71235e-17, 0 

 -------
Dump of 4 Polygon3Ds
 -------
  1 : Polygon3D with 2 Nodes
with parameters
Deflection : 0.00999919

Nodes :
         1 :          -23.3354            7.3066          0.236858
         2 :          -23.3354           12.1109          0.236858


Parameters :
0 4.8043 
  2 : Polygon3D with 2 Nodes
with parameters
Deflection : 0.00999919

Nodes :
         1 :          -23.3354           12.1109          0.236858
         2 :           -13.141           12.1109          0.236858


Parameters :
0 10.1945 
  3 : Polygon3D with 2 Nodes
with parameters
Deflection : 0.00999919

Nodes :
         1 :           -13.141           12.1109          0.236858
         2 :           -13.141            7.3066          0.236858


Parameters :
0 4.8043 
  4 : Polygon3D with 2 Nodes
with parameters
Deflection : 0.00999919

Nodes :
         1 :           -13.141            7.3066          0.236858
         2 :          -23.3354            7.3066          0.236858


Parameters :
0 10.1945 
 -------
Dump of 0 PolygonOnTriangulations
 -------

 -------
Dump of 0 surfaces 
 -------

 -------
Dump of 0 Triangulations
 -------



 -------
 Dump of 0 Locations
 -------


